../Core/Src/main.c:80:5:main	8	static
../Core/Src/main.c:128:6:SystemClock_Config	128	static
../Core/Src/main.c:179:13:MX_I2C1_Init	8	static
../Core/Src/main.c:227:13:MX_SPI1_Init	8	static
../Core/Src/main.c:267:13:MX_UART5_Init	8	static
../Core/Src/main.c:302:13:MX_USB_PCD_Init	8	static
../Core/Src/main.c:333:13:MX_GPIO_Init	56	static
../Core/Src/main.c:384:6:HAL_UART_RxCpltCallback	80	static
../Core/Src/main.c:457:6:turn_off_led	8	static
../Core/Src/main.c:469:6:Error_Handler	4	static,ignoring_inline_asm
